[edwardbartonandthebabymen.com/index.html]
[edwardbartonandthebabymen.com/favicon.ico]
[backblue.gif]
[fade.gif]
[index.html]
[edwardbartonandthebabymen.com/img/blank.jpg]
[edwardbartonandthebabymen.com/img/babymen.jpg]
[edwardbartonandthebabymen.com/img/page1_01.jpg]
[edwardbartonandthebabymen.com/page1.html]
[edwardbartonandthebabymen.com/img/handsom_line.jpg]
[edwardbartonandthebabymen.com/img/page1_03.jpg]
[edwardbartonandthebabymen.com/page2.html]
[edwardbartonandthebabymen.com/img/live_line.jpg]
[edwardbartonandthebabymen.com/page7.html]
[edwardbartonandthebabymen.com/img/wehaveashow_line.jpg]
[edwardbartonandthebabymen.com/page6.html]
[edwardbartonandthebabymen.com/img/wehaveasingle_line.jpg]
[edwardbartonandthebabymen.com/page3.html]
[edwardbartonandthebabymen.com/img/logos_line.jpg]
[edwardbartonandthebabymen.com/img/page1_07c.jpg]
[edwardbartonandthebabymen.com/page4.html]
[edwardbartonandthebabymen.com/img/weexist_line.jpg]
[edwardbartonandthebabymen.com/img/emailus_180.jpg]
[edwardbartonandthebabymen.com/img/sheeppen_800.jpg]
[edwardbartonandthebabymen.com/img/sheep2_200.jpg]
[edwardbartonandthebabymen.com/img/foot.jpg]
[edwardbartonandthebabymen.com/img/sheep1_200.jpg]
[www.google-analytics.com/analytics.js]
[edwardbartonandthebabymen.com/index.html]
[edwardbartonandthebabymen.com/img/circles_400.jpg]
[edwardbartonandthebabymen.com/index-2.html]
[edwardbartonandthebabymen.com/img/house_80.jpg]
[edwardbartonandthebabymen.com/img/page1_02.jpg]
[edwardbartonandthebabymen.com/img/DSC_5927_600.jpg]
[edwardbartonandthebabymen.com/img/DSC_5669_400.jpg]
[edwardbartonandthebabymen.com/img/DSC_5686_400.jpg]
[edwardbartonandthebabymen.com/img/DSC_5628_400.jpg]
[edwardbartonandthebabymen.com/img/jackson_600.jpg]
[edwardbartonandthebabymen.com/img/lw_300.jpg]
[edwardbartonandthebabymen.com/img/129_600.jpg]
[edwardbartonandthebabymen.com/img/ab_300.jpg]
[edwardbartonandthebabymen.com/img/cape.jpg]
[edwardbartonandthebabymen.com/img/jd_300.jpg]
[edwardbartonandthebabymen.com/page1.html]
[edwardbartonandthebabymen.com/img/page1_04.jpg]
[edwardbartonandthebabymen.com/img/lyrics_600.jpg]
[edwardbartonandthebabymen.com/page2.html]
[edwardbartonandthebabymen.com/img/page1_05.jpg]
[edwardbartonandthebabymen.com/page7.html]
[edwardbartonandthebabymen.com/img/page1_06.jpg]
[edwardbartonandthebabymen.com/img/WOO031-CD-LABEL2.jpg]
[edwardbartonandthebabymen.com/img/barcodephoto.jpg]
[edwardbartonandthebabymen.com/img/lyricsgrey.jpg]
[edwardbartonandthebabymen.com/img/babybinman4.jpg]
[edwardbartonandthebabymen.com/img/click.jpg]
[edwardbartonandthebabymen.com/img/greendot.jpg]
[edwardbartonandthebabymen.com/img/tobuysongs.jpg]
[edwardbartonandthebabymen.com/img/vidcap.jpg]
[edwardbartonandthebabymen.com/img/bins vid cover with green dot.jpg]
[edwardbartonandthebabymen.com/img/girlvidcover with girl notlog greendot.jpg]
[edwardbartonandthebabymen.com/img/drugsvidcover.jpg]
[edwardbartonandthebabymen.com/img/girl vid cover.jpg]
[edwardbartonandthebabymen.com/page6.html]
[edwardbartonandthebabymen.com/img/page1_07b.jpg]
[edwardbartonandthebabymen.com/img/pg2.jpg]
[edwardbartonandthebabymen.com/page3a.html]
[edwardbartonandthebabymen.com/page3.html]
[edwardbartonandthebabymen.com/img/page1_08.jpg]
[edwardbartonandthebabymen.com/img/weexist_1.jpg]
[edwardbartonandthebabymen.com/img/weexist_2.jpg]
[edwardbartonandthebabymen.com/page4.html]
[edwardbartonandthebabymen.com/index-2.html]
[edwardbartonandthebabymen.com/_a href=.html]
[edwardbartonandthebabymen.com/img/barcodephoto.jpg]
[edwardbartonandthebabymen.com/img/lyricsgrey.jpg]
[edwardbartonandthebabymen.com/img/page3b._800.jpg]
[edwardbartonandthebabymen.com/page3a.html]
